// Jest Snapshot v1, https://goo.gl/fbAQLP

exports[`List component 1`] = `
ShallowWrapper {
  Symbol(enzyme.__root__): [Circular],
  Symbol(enzyme.__unrendered__): <List
    items={
        Array [
            Object {
              "amount": "1000.00",
              "email": "joeleduardo@hotmail.com",
              "id": "rFj2aAOIsILzHmP29VHo",
              "name": "Joel Ortiz",
            },
          ]
    }
/>,
  Symbol(enzyme.__renderer__): Object {
    "batchedUpdates": [Function],
    "getNode": [Function],
    "render": [Function],
    "simulateError": [Function],
    "simulateEvent": [Function],
    "unmount": [Function],
  },
  Symbol(enzyme.__node__): Object {
    "instance": null,
    "key": undefined,
    "nodeType": "host",
    "props": Object {
      "children": Array [
        <li>
          <div
                    className="name"
          >
                    Joel Ortiz
          </div>
          <div
                    className="email"
          >
                    joeleduardo@hotmail.com
          </div>
          <span>
                    £ 
                    1,000.00
          </span>
</li>,
      ],
    },
    "ref": null,
    "rendered": Array [
      Object {
        "instance": null,
        "key": "rFj2aAOIsILzHmP29VHo",
        "nodeType": "host",
        "props": Object {
          "children": Array [
            <div
              className="name"
>
              Joel Ortiz
</div>,
            <div
              className="email"
>
              joeleduardo@hotmail.com
</div>,
            <span>
              £ 
              1,000.00
</span>,
          ],
        },
        "ref": null,
        "rendered": Array [
          Object {
            "instance": null,
            "key": undefined,
            "nodeType": "host",
            "props": Object {
              "children": "Joel Ortiz",
              "className": "name",
            },
            "ref": null,
            "rendered": "Joel Ortiz",
            "type": "div",
          },
          Object {
            "instance": null,
            "key": undefined,
            "nodeType": "host",
            "props": Object {
              "children": "joeleduardo@hotmail.com",
              "className": "email",
            },
            "ref": null,
            "rendered": "joeleduardo@hotmail.com",
            "type": "div",
          },
          Object {
            "instance": null,
            "key": undefined,
            "nodeType": "host",
            "props": Object {
              "children": Array [
                "£ ",
                "1,000.00",
              ],
            },
            "ref": null,
            "rendered": Array [
              "£ ",
              "1,000.00",
            ],
            "type": "span",
          },
        ],
        "type": "li",
      },
    ],
    "type": "ul",
  },
  Symbol(enzyme.__nodes__): Array [
    Object {
      "instance": null,
      "key": undefined,
      "nodeType": "host",
      "props": Object {
        "children": Array [
          <li>
            <div
                        className="name"
            >
                        Joel Ortiz
            </div>
            <div
                        className="email"
            >
                        joeleduardo@hotmail.com
            </div>
            <span>
                        £ 
                        1,000.00
            </span>
</li>,
        ],
      },
      "ref": null,
      "rendered": Array [
        Object {
          "instance": null,
          "key": "rFj2aAOIsILzHmP29VHo",
          "nodeType": "host",
          "props": Object {
            "children": Array [
              <div
                className="name"
>
                Joel Ortiz
</div>,
              <div
                className="email"
>
                joeleduardo@hotmail.com
</div>,
              <span>
                £ 
                1,000.00
</span>,
            ],
          },
          "ref": null,
          "rendered": Array [
            Object {
              "instance": null,
              "key": undefined,
              "nodeType": "host",
              "props": Object {
                "children": "Joel Ortiz",
                "className": "name",
              },
              "ref": null,
              "rendered": "Joel Ortiz",
              "type": "div",
            },
            Object {
              "instance": null,
              "key": undefined,
              "nodeType": "host",
              "props": Object {
                "children": "joeleduardo@hotmail.com",
                "className": "email",
              },
              "ref": null,
              "rendered": "joeleduardo@hotmail.com",
              "type": "div",
            },
            Object {
              "instance": null,
              "key": undefined,
              "nodeType": "host",
              "props": Object {
                "children": Array [
                  "£ ",
                  "1,000.00",
                ],
              },
              "ref": null,
              "rendered": Array [
                "£ ",
                "1,000.00",
              ],
              "type": "span",
            },
          ],
          "type": "li",
        },
      ],
      "type": "ul",
    },
  ],
  Symbol(enzyme.__options__): Object {
    "adapter": ReactSixteenAdapter {
      "options": Object {
        "enableComponentDidUpdateOnSetState": true,
        "lifecycles": Object {
          "componentDidUpdate": Object {
            "onSetState": true,
          },
          "getDerivedStateFromProps": true,
          "getSnapshotBeforeUpdate": true,
          "setState": Object {
            "skipsComponentDidUpdateOnNullish": true,
          },
        },
      },
    },
    "attachTo": undefined,
    "hydrateIn": undefined,
  },
}
`;
